r0=0x0000
r1=0x0000
r2=0x0000
r3=0x0000
rb=0x0000
re=0x0000
j =0x0000
k =0x0000
pr=0x0000
pt=0x0000
i =0x0000
a0=0x00000020f
a1=0x000000400
x=0x0020
y=0x0000040f
p=0x00000600
c0=0x0000
c1=0x0000
c2=0x0000
auc=0x0000
psw=0x0000
