r0=0x0004
r1=0x0000
r2=0x0005
r3=0x0006
rb=0xcafe
re=0x0000
j =0x0000
k =0x0000
pr=0x0004
pt=0x0000
i =0x0000
a0=0x000000000
a1=0x000000000
