r0=0x0f00
r1=0x0f00
r2=0xcafe
r3=0x0000
rb=0x0000
re=0x0000
j =0x0000
k =0x0000
pr=0x0000
pt=0x0000
i =0x0000
a0=0x0000a0000
a1=0x000140000
x=0x0001
y=0x000a0000
p=0x00000000
c0=0x0000
c1=0x0000
c2=0x0000
auc=0x0000
psw=0x0000
