r0=0x1002
r1=0x0000
r2=0x0000
r3=0x0000
rb=0x1000
re=0x1003
j =0x0000
k =0x0000
pr=0x0000
pt=0x0000
