r0=0xfeff
r1=0xa055
r2=0xbabe
r3=0x0023
rb=0x0000
re=0x0000
j =0x0003
k =0x0000
pr=0x0000
pt=0x0000
i =0x0000
a0=0x000000000
a1=0x000000000
