r0=0x0103
r1=0x0023
r2=0xbabe
r3=0xa055
rb=0x0023
re=0xbabe
j =0x0003
k =0x0000
pr=0x0000
pt=0x0000
i =0x0000
a0=0x000000000
a1=0x000000000
x=0x0000
y=0x00000000
p=0x00000000
c0=0x0000
c1=0x0000
c2=0x0000
auc=0x0000
psw=0x0000
