r0=0x0000
r1=0x1111
r2=0x2222
r3=0x3333
rb=0x6006
re=0x7007
j =0x4004
k =0x5005
pr=0xcade
pt=0xbeef
i =0x0e00
a0=0x000000000
a1=0x000000000
x=0x6532
y=0x00002312
p=0x00000000
c0=0x0010
c1=0x0011
c2=0x0012
auc=0x0006
psw=0x0000
